../Core/Src/main.c:89:6:HAL_UART_RxCpltCallback	16	static
../Core/Src/main.c:102:6:HAL_UART_TxCpltCallback	16	static
../Core/Src/main.c:112:5:main	32	static
../Core/Src/main.c:242:6:SystemClock_Config	72	static
../Core/Src/main.c:282:13:MX_SPI1_Init	8	static
../Core/Src/main.c:320:13:MX_TIM1_Init	32	static
../Core/Src/main.c:366:13:MX_TIM4_Init	64	static
../Core/Src/main.c:429:13:MX_USART1_UART_Init	8	static
../Core/Src/main.c:462:13:MX_GPIO_Init	40	static
../Core/Src/main.c:488:6:idleReadSPI	16	static
../Core/Src/main.c:498:8:chipID	16	static
../Core/Src/main.c:510:8:BMI160Read_Return	32	static
../Core/Src/main.c:520:6:BMI160_GetData	24	static
../Core/Src/main.c:528:6:BMI160Write	16	static
../Core/Src/main.c:535:6:BMI160Init	8	static
../Core/Src/main.c:554:6:foc	16	static
../Core/Src/main.c:572:8:offset_samples	24	static
../Core/Src/main.c:598:6:delay_us	16	static
../Core/Src/main.c:611:6:Error_Handler	4	static,ignoring_inline_asm
